NOTE: Picked up JDK_JAVA_OPTIONS:  --add-opens=java.base/java.lang=ALL-UNNAMED --add-opens=java.base/java.lang.invoke=ALL-UNNAMED --add-opens=java.base/java.lang.reflect=ALL-UNNAMED --add-opens=java.base/java.io=ALL-UNNAMED --add-opens=java.base/java.util=ALL-UNNAMED --add-opens=java.base/java.util.concurrent=ALL-UNNAMED --add-opens=java.rmi/sun.rmi.transport=ALL-UNNAMED
14-Sep-2026 09:57:22.255 INFO [main] org.apache.catalina.startup.VersionLoggerListener.log Server version name:   Apache Tomcat/9.0.121
14-Sep-2026 09:57:22.258 INFO [main] org.apache.catalina.startup.VersionLoggerListener.log Server built:          Aug 12 2026 19:38:16 UTC
14-Sep-2026 09:57:22.258 INFO [main] org.apache.catalina.startup.VersionLoggerListener.log Server version number: 9.0.121.0
14-Sep-2026 09:57:22.258 INFO [main] org.apache.catalina.startup.VersionLoggerListener.log OS Name:               Linux
14-Sep-2026 09:57:22.258 INFO [main] org.apache.catalina.startup.VersionLoggerListener.log OS Version:            7.0.0-29-generic
14-Sep-2026 09:57:22.258 INFO [main] org.apache.catalina.startup.VersionLoggerListener.log Architecture:          amd64
14-Sep-2026 09:57:22.258 INFO [main] org.apache.catalina.startup.VersionLoggerListener.log Java Home:             /usr/lib/jvm/java-25-openjdk-amd64
14-Sep-2026 09:57:22.259 INFO [main] org.apache.catalina.startup.VersionLoggerListener.log JVM Version:           25.0.3+9-2-26.04.2-Ubuntu
14-Sep-2026 09:57:22.259 INFO [main] org.apache.catalina.startup.VersionLoggerListener.log JVM Vendor:            Ubuntu
14-Sep-2026 09:57:22.259 INFO [main] org.apache.catalina.startup.VersionLoggerListener.log CATALINA_BASE:         /home/sahil-sepat/Desktop/apache-tomcat-9.0.121
14-Sep-2026 09:57:22.259 INFO [main] org.apache.catalina.startup.VersionLoggerListener.log CATALINA_HOME:         /home/sahil-sepat/Desktop/apache-tomcat-9.0.121
14-Sep-2026 09:57:22.273 INFO [main] org.apache.catalina.startup.VersionLoggerListener.log Command line argument: --add-opens=java.base/java.lang=ALL-UNNAMED
14-Sep-2026 09:57:22.273 INFO [main] org.apache.catalina.startup.VersionLoggerListener.log Command line argument: --add-opens=java.base/java.lang.invoke=ALL-UNNAMED
14-Sep-2026 09:57:22.273 INFO [main] org.apache.catalina.startup.VersionLoggerListener.log Command line argument: --add-opens=java.base/java.lang.reflect=ALL-UNNAMED
14-Sep-2026 09:57:22.273 INFO [main] org.apache.catalina.startup.VersionLoggerListener.log Command line argument: --add-opens=java.base/java.io=ALL-UNNAMED
14-Sep-2026 09:57:22.273 INFO [main] org.apache.catalina.startup.VersionLoggerListener.log Command line argument: --add-opens=java.base/java.util=ALL-UNNAMED
14-Sep-2026 09:57:22.273 INFO [main] org.apache.catalina.startup.VersionLoggerListener.log Command line argument: --add-opens=java.base/java.util.concurrent=ALL-UNNAMED
14-Sep-2026 09:57:22.273 INFO [main] org.apache.catalina.startup.VersionLoggerListener.log Command line argument: --add-opens=java.rmi/sun.rmi.transport=ALL-UNNAMED
14-Sep-2026 09:57:22.273 INFO [main] org.apache.catalina.startup.VersionLoggerListener.log Command line argument: -Djava.util.logging.config.file=/home/sahil-sepat/Desktop/apache-tomcat-9.0.121/conf/logging.properties
14-Sep-2026 09:57:22.273 INFO [main] org.apache.catalina.startup.VersionLoggerListener.log Command line argument: -Djava.util.logging.manager=org.apache.juli.ClassLoaderLogManager
14-Sep-2026 09:57:22.273 INFO [main] org.apache.catalina.startup.VersionLoggerListener.log Command line argument: -Djdk.tls.ephemeralDHKeySize=2048
14-Sep-2026 09:57:22.274 INFO [main] org.apache.catalina.startup.VersionLoggerListener.log Command line argument: -Djava.protocol.handler.pkgs=org.apache.catalina.webresources
14-Sep-2026 09:57:22.274 INFO [main] org.apache.catalina.startup.VersionLoggerListener.log Command line argument: -Dsun.io.useCanonCaches=false
14-Sep-2026 09:57:22.274 INFO [main] org.apache.catalina.startup.VersionLoggerListener.log Command line argument: -Dorg.apache.catalina.security.SecurityListener.UMASK=0027
14-Sep-2026 09:57:22.274 INFO [main] org.apache.catalina.startup.VersionLoggerListener.log Command line argument: -Dignore.endorsed.dirs=
14-Sep-2026 09:57:22.274 INFO [main] org.apache.catalina.startup.VersionLoggerListener.log Command line argument: -Dcatalina.base=/home/sahil-sepat/Desktop/apache-tomcat-9.0.121
14-Sep-2026 09:57:22.274 INFO [main] org.apache.catalina.startup.VersionLoggerListener.log Command line argument: -Dcatalina.home=/home/sahil-sepat/Desktop/apache-tomcat-9.0.121
14-Sep-2026 09:57:22.274 INFO [main] org.apache.catalina.startup.VersionLoggerListener.log Command line argument: -Djava.io.tmpdir=/home/sahil-sepat/Desktop/apache-tomcat-9.0.121/temp
WARNING: A restricted method in java.lang.System has been called
WARNING: java.lang.System::load has been called by org.apache.tomcat.jni.Library in an unnamed module (file:/home/sahil-sepat/Desktop/apache-tomcat-9.0.121/lib/tomcat-jni.jar)
WARNING: Use --enable-native-access=ALL-UNNAMED to avoid a warning for callers in this module
WARNING: Restricted methods will be blocked in a future release unless native access is enabled

14-Sep-2026 09:57:22.278 INFO [main] org.apache.catalina.core.AprLifecycleListener.lifecycleEvent The Apache Tomcat Native library which allows using OpenSSL was not found on the java.library.path: [/usr/java/packages/lib:/usr/lib/x86_64-linux-gnu/jni:/lib/x86_64-linux-gnu:/usr/lib/x86_64-linux-gnu:/usr/lib/jni:/lib:/usr/lib]
14-Sep-2026 09:57:22.673 INFO [main] org.apache.coyote.AbstractProtocol.init Initializing ProtocolHandler ["http-nio-8080"]
14-Sep-2026 09:57:22.706 INFO [main] org.apache.catalina.startup.Catalina.load Server initialization in [651] milliseconds
14-Sep-2026 09:57:22.752 INFO [main] org.apache.catalina.core.StandardService.startInternal Starting service [Catalina]
14-Sep-2026 09:57:22.752 INFO [main] org.apache.catalina.core.StandardEngine.startInternal Starting Servlet engine: [Apache Tomcat/9.0.121]
14-Sep-2026 09:57:22.760 INFO [main] org.apache.catalina.startup.HostConfig.deployDirectory Deploying web application directory [/home/sahil-sepat/Desktop/apache-tomcat-9.0.121/webapps/ROOT]
14-Sep-2026 09:57:22.987 INFO [main] org.apache.catalina.startup.HostConfig.deployDirectory Deployment of web application directory [/home/sahil-sepat/Desktop/apache-tomcat-9.0.121/webapps/ROOT] has finished in [224] ms
14-Sep-2026 09:57:22.988 INFO [main] org.apache.catalina.startup.HostConfig.deployDirectory Deploying web application directory [/home/sahil-sepat/Desktop/apache-tomcat-9.0.121/webapps/examples]
14-Sep-2026 09:57:23.171 INFO [main] org.apache.catalina.startup.HostConfig.deployDirectory Deployment of web application directory [/home/sahil-sepat/Desktop/apache-tomcat-9.0.121/webapps/examples] has finished in [183] ms
14-Sep-2026 09:57:23.171 INFO [main] org.apache.catalina.startup.HostConfig.deployDirectory Deploying web application directory [/home/sahil-sepat/Desktop/apache-tomcat-9.0.121/webapps/docs]
14-Sep-2026 09:57:23.186 INFO [main] org.apache.catalina.startup.HostConfig.deployDirectory Deployment of web application directory [/home/sahil-sepat/Desktop/apache-tomcat-9.0.121/webapps/docs] has finished in [15] ms
14-Sep-2026 09:57:23.186 INFO [main] org.apache.catalina.startup.HostConfig.deployDirectory Deploying web application directory [/home/sahil-sepat/Desktop/apache-tomcat-9.0.121/webapps/manager]
14-Sep-2026 09:57:23.206 INFO [main] org.apache.catalina.startup.HostConfig.deployDirectory Deployment of web application directory [/home/sahil-sepat/Desktop/apache-tomcat-9.0.121/webapps/manager] has finished in [20] ms
14-Sep-2026 09:57:23.206 INFO [main] org.apache.catalina.startup.HostConfig.deployDirectory Deploying web application directory [/home/sahil-sepat/Desktop/apache-tomcat-9.0.121/webapps/host-manager]
14-Sep-2026 09:57:23.220 INFO [main] org.apache.catalina.startup.HostConfig.deployDirectory Deployment of web application directory [/home/sahil-sepat/Desktop/apache-tomcat-9.0.121/webapps/host-manager] has finished in [14] ms
14-Sep-2026 09:57:23.224 INFO [main] org.apache.coyote.AbstractProtocol.start Starting ProtocolHandler ["http-nio-8080"]
14-Sep-2026 09:57:23.233 INFO [main] org.apache.catalina.startup.Catalina.start Server startup in [524] milliseconds
NOTE: Picked up JDK_JAVA_OPTIONS:  --add-opens=java.base/java.lang=ALL-UNNAMED --add-opens=java.base/java.lang.invoke=ALL-UNNAMED --add-opens=java.base/java.lang.reflect=ALL-UNNAMED --add-opens=java.base/java.io=ALL-UNNAMED --add-opens=java.base/java.util=ALL-UNNAMED --add-opens=java.base/java.util.concurrent=ALL-UNNAMED --add-opens=java.rmi/sun.rmi.transport=ALL-UNNAMED
14-Sep-2026 10:00:55.058 INFO [main] org.apache.catalina.startup.VersionLoggerListener.log Server version name:   Apache Tomcat/9.0.121
14-Sep-2026 10:00:55.060 INFO [main] org.apache.catalina.startup.VersionLoggerListener.log Server built:          Aug 12 2026 19:38:16 UTC
14-Sep-2026 10:00:55.060 INFO [main] org.apache.catalina.startup.VersionLoggerListener.log Server version number: 9.0.121.0
14-Sep-2026 10:00:55.061 INFO [main] org.apache.catalina.startup.VersionLoggerListener.log OS Name:               Linux
14-Sep-2026 10:00:55.061 INFO [main] org.apache.catalina.startup.VersionLoggerListener.log OS Version:            7.0.0-29-generic
14-Sep-2026 10:00:55.061 INFO [main] org.apache.catalina.startup.VersionLoggerListener.log Architecture:          amd64
14-Sep-2026 10:00:55.061 INFO [main] org.apache.catalina.startup.VersionLoggerListener.log Java Home:             /usr/lib/jvm/java-25-openjdk-amd64
14-Sep-2026 10:00:55.061 INFO [main] org.apache.catalina.startup.VersionLoggerListener.log JVM Version:           25.0.3+9-2-26.04.2-Ubuntu
14-Sep-2026 10:00:55.061 INFO [main] org.apache.catalina.startup.VersionLoggerListener.log JVM Vendor:            Ubuntu
14-Sep-2026 10:00:55.062 INFO [main] org.apache.catalina.startup.VersionLoggerListener.log CATALINA_BASE:         /home/sahil-sepat/Desktop/apache-tomcat-9.0.121
14-Sep-2026 10:00:55.062 INFO [main] org.apache.catalina.startup.VersionLoggerListener.log CATALINA_HOME:         /home/sahil-sepat/Desktop/apache-tomcat-9.0.121
14-Sep-2026 10:00:55.067 INFO [main] org.apache.catalina.startup.VersionLoggerListener.log Command line argument: --add-opens=java.base/java.lang=ALL-UNNAMED
14-Sep-2026 10:00:55.068 INFO [main] org.apache.catalina.startup.VersionLoggerListener.log Command line argument: --add-opens=java.base/java.lang.invoke=ALL-UNNAMED
14-Sep-2026 10:00:55.068 INFO [main] org.apache.catalina.startup.VersionLoggerListener.log Command line argument: --add-opens=java.base/java.lang.reflect=ALL-UNNAMED
14-Sep-2026 10:00:55.068 INFO [main] org.apache.catalina.startup.VersionLoggerListener.log Command line argument: --add-opens=java.base/java.io=ALL-UNNAMED
14-Sep-2026 10:00:55.068 INFO [main] org.apache.catalina.startup.VersionLoggerListener.log Command line argument: --add-opens=java.base/java.util=ALL-UNNAMED
14-Sep-2026 10:00:55.068 INFO [main] org.apache.catalina.startup.VersionLoggerListener.log Command line argument: --add-opens=java.base/java.util.concurrent=ALL-UNNAMED
14-Sep-2026 10:00:55.068 INFO [main] org.apache.catalina.startup.VersionLoggerListener.log Command line argument: --add-opens=java.rmi/sun.rmi.transport=ALL-UNNAMED
14-Sep-2026 10:00:55.068 INFO [main] org.apache.catalina.startup.VersionLoggerListener.log Command line argument: -Djava.util.logging.config.file=/home/sahil-sepat/Desktop/apache-tomcat-9.0.121/conf/logging.properties
14-Sep-2026 10:00:55.068 INFO [main] org.apache.catalina.startup.VersionLoggerListener.log Command line argument: -Djava.util.logging.manager=org.apache.juli.ClassLoaderLogManager
14-Sep-2026 10:00:55.069 INFO [main] org.apache.catalina.startup.VersionLoggerListener.log Command line argument: -Djdk.tls.ephemeralDHKeySize=2048
14-Sep-2026 10:00:55.069 INFO [main] org.apache.catalina.startup.VersionLoggerListener.log Command line argument: -Djava.protocol.handler.pkgs=org.apache.catalina.webresources
14-Sep-2026 10:00:55.069 INFO [main] org.apache.catalina.startup.VersionLoggerListener.log Command line argument: -Dsun.io.useCanonCaches=false
14-Sep-2026 10:00:55.069 INFO [main] org.apache.catalina.startup.VersionLoggerListener.log Command line argument: -Dorg.apache.catalina.security.SecurityListener.UMASK=0027
14-Sep-2026 10:00:55.069 INFO [main] org.apache.catalina.startup.VersionLoggerListener.log Command line argument: -Dignore.endorsed.dirs=
14-Sep-2026 10:00:55.069 INFO [main] org.apache.catalina.startup.VersionLoggerListener.log Command line argument: -Dcatalina.base=/home/sahil-sepat/Desktop/apache-tomcat-9.0.121
14-Sep-2026 10:00:55.069 INFO [main] org.apache.catalina.startup.VersionLoggerListener.log Command line argument: -Dcatalina.home=/home/sahil-sepat/Desktop/apache-tomcat-9.0.121
14-Sep-2026 10:00:55.069 INFO [main] org.apache.catalina.startup.VersionLoggerListener.log Command line argument: -Djava.io.tmpdir=/home/sahil-sepat/Desktop/apache-tomcat-9.0.121/temp
WARNING: A restricted method in java.lang.System has been called
WARNING: java.lang.System::load has been called by org.apache.tomcat.jni.Library in an unnamed module (file:/home/sahil-sepat/Desktop/apache-tomcat-9.0.121/lib/tomcat-jni.jar)
WARNING: Use --enable-native-access=ALL-UNNAMED to avoid a warning for callers in this module
WARNING: Restricted methods will be blocked in a future release unless native access is enabled

14-Sep-2026 10:00:55.071 INFO [main] org.apache.catalina.core.AprLifecycleListener.lifecycleEvent The Apache Tomcat Native library which allows using OpenSSL was not found on the java.library.path: [/usr/java/packages/lib:/usr/lib/x86_64-linux-gnu/jni:/lib/x86_64-linux-gnu:/usr/lib/x86_64-linux-gnu:/usr/lib/jni:/lib:/usr/lib]
14-Sep-2026 10:00:55.346 INFO [main] org.apache.coyote.AbstractProtocol.init Initializing ProtocolHandler ["http-nio-8080"]
14-Sep-2026 10:00:55.356 SEVERE [main] org.apache.catalina.util.LifecycleBase.handleSubClassException Failed to initialize component [Connector["http-nio-8080"]]
	org.apache.catalina.LifecycleException: Protocol handler initialization failed
		at org.apache.catalina.connector.Connector.initInternal(Connector.java:1273)
		at org.apache.catalina.util.LifecycleBase.init(LifecycleBase.java:128)
		at org.apache.catalina.core.StandardService.initInternal(StandardService.java:543)
		at org.apache.catalina.util.LifecycleBase.init(LifecycleBase.java:128)
		at org.apache.catalina.core.StandardServer.initInternal(StandardServer.java:991)
		at org.apache.catalina.util.LifecycleBase.init(LifecycleBase.java:128)
		at org.apache.catalina.startup.Catalina.load(Catalina.java:810)
		at org.apache.catalina.startup.Catalina.load(Catalina.java:835)
		at java.base/jdk.internal.reflect.DirectMethodHandleAccessor.invoke(DirectMethodHandleAccessor.java:104)
		at java.base/java.lang.reflect.Method.invoke(Method.java:565)
		at org.apache.catalina.startup.Bootstrap.load(Bootstrap.java:305)
		at org.apache.catalina.startup.Bootstrap.main(Bootstrap.java:484)
	Caused by: java.net.BindException: Address already in use
		at java.base/sun.nio.ch.Net.bind0(Native Method)
		at java.base/sun.nio.ch.Net.bind(Net.java:522)
		at java.base/sun.nio.ch.ServerSocketChannelImpl.netBind(ServerSocketChannelImpl.java:335)
		at java.base/sun.nio.ch.ServerSocketChannelImpl.bind(ServerSocketChannelImpl.java:297)
		at org.apache.tomcat.util.net.NioEndpoint.initServerSocket(NioEndpoint.java:525)
		at org.apache.tomcat.util.net.NioEndpoint.bind(NioEndpoint.java:409)
		at org.apache.tomcat.util.net.AbstractEndpoint.bindWithCleanup(AbstractEndpoint.java:1987)
		at org.apache.tomcat.util.net.AbstractEndpoint.init(AbstractEndpoint.java:2005)
		at org.apache.coyote.AbstractProtocol.init(AbstractProtocol.java:992)
		at org.apache.coyote.http11.AbstractHttp11Protocol.init(AbstractHttp11Protocol.java:93)
		at org.apache.catalina.connector.Connector.initInternal(Connector.java:1271)
		... 11 more
14-Sep-2026 10:00:55.358 INFO [main] org.apache.catalina.startup.Catalina.load Server initialization in [458] milliseconds
14-Sep-2026 10:00:55.389 INFO [main] org.apache.catalina.core.StandardService.startInternal Starting service [Catalina]
14-Sep-2026 10:00:55.389 INFO [main] org.apache.catalina.core.StandardEngine.startInternal Starting Servlet engine: [Apache Tomcat/9.0.121]
14-Sep-2026 10:00:55.396 INFO [main] org.apache.catalina.startup.HostConfig.deployDirectory Deploying web application directory [/home/sahil-sepat/Desktop/apache-tomcat-9.0.121/webapps/ROOT]
14-Sep-2026 10:00:55.603 INFO [main] org.apache.catalina.startup.HostConfig.deployDirectory Deployment of web application directory [/home/sahil-sepat/Desktop/apache-tomcat-9.0.121/webapps/ROOT] has finished in [204] ms
14-Sep-2026 10:00:55.604 INFO [main] org.apache.catalina.startup.HostConfig.deployDirectory Deploying web application directory [/home/sahil-sepat/Desktop/apache-tomcat-9.0.121/webapps/examples]
14-Sep-2026 10:00:55.787 INFO [main] org.apache.catalina.startup.HostConfig.deployDirectory Deployment of web application directory [/home/sahil-sepat/Desktop/apache-tomcat-9.0.121/webapps/examples] has finished in [184] ms
14-Sep-2026 10:00:55.788 INFO [main] org.apache.catalina.startup.HostConfig.deployDirectory Deploying web application directory [/home/sahil-sepat/Desktop/apache-tomcat-9.0.121/webapps/docs]
14-Sep-2026 10:00:55.801 INFO [main] org.apache.catalina.startup.HostConfig.deployDirectory Deployment of web application directory [/home/sahil-sepat/Desktop/apache-tomcat-9.0.121/webapps/docs] has finished in [13] ms
14-Sep-2026 10:00:55.801 INFO [main] org.apache.catalina.startup.HostConfig.deployDirectory Deploying web application directory [/home/sahil-sepat/Desktop/apache-tomcat-9.0.121/webapps/manager]
14-Sep-2026 10:00:55.821 INFO [main] org.apache.catalina.startup.HostConfig.deployDirectory Deployment of web application directory [/home/sahil-sepat/Desktop/apache-tomcat-9.0.121/webapps/manager] has finished in [20] ms
14-Sep-2026 10:00:55.822 INFO [main] org.apache.catalina.startup.HostConfig.deployDirectory Deploying web application directory [/home/sahil-sepat/Desktop/apache-tomcat-9.0.121/webapps/host-manager]
14-Sep-2026 10:00:55.836 INFO [main] org.apache.catalina.startup.HostConfig.deployDirectory Deployment of web application directory [/home/sahil-sepat/Desktop/apache-tomcat-9.0.121/webapps/host-manager] has finished in [15] ms
14-Sep-2026 10:00:55.840 INFO [main] org.apache.catalina.startup.Catalina.start Server startup in [480] milliseconds
14-Sep-2026 10:00:55.843 SEVERE [main] org.apache.catalina.core.StandardServer.await Failed to create server shutdown socket on address [localhost] and port [8005] (base port [8005] and offset [0])
	java.net.BindException: Address already in use
		at java.base/sun.nio.ch.Net.bind0(Native Method)
		at java.base/sun.nio.ch.Net.bind(Net.java:522)
		at java.base/sun.nio.ch.Net.bind(Net.java:511)
		at java.base/sun.nio.ch.NioSocketImpl.bind(NioSocketImpl.java:641)
		at java.base/java.net.ServerSocket.bind(ServerSocket.java:326)
		at java.base/java.net.ServerSocket.<init>(ServerSocket.java:222)
		at org.apache.catalina.core.StandardServer.await(StandardServer.java:540)
		at org.apache.catalina.startup.Catalina.await(Catalina.java:951)
		at org.apache.catalina.startup.Catalina.start(Catalina.java:899)
		at java.base/jdk.internal.reflect.DirectMethodHandleAccessor.invoke(DirectMethodHandleAccessor.java:104)
		at java.base/java.lang.reflect.Method.invoke(Method.java:565)
		at org.apache.catalina.startup.Bootstrap.start(Bootstrap.java:348)
		at org.apache.catalina.startup.Bootstrap.main(Bootstrap.java:485)
14-Sep-2026 10:00:55.844 INFO [main] org.apache.coyote.AbstractProtocol.pause Pausing ProtocolHandler ["http-nio-8080"]
14-Sep-2026 10:00:55.844 INFO [main] org.apache.catalina.core.StandardService.stopInternal Stopping service [Catalina]
14-Sep-2026 10:00:55.867 INFO [main] org.apache.coyote.AbstractProtocol.stop Stopping ProtocolHandler ["http-nio-8080"]
14-Sep-2026 10:00:55.868 INFO [main] org.apache.coyote.AbstractProtocol.destroy Destroying ProtocolHandler ["http-nio-8080"]
14-Sep-2026 10:06:13.280 INFO [Catalina-utility-2] org.apache.catalina.startup.HostConfig.deployDirectory Deploying web application directory [/home/sahil-sepat/Desktop/apache-tomcat-9.0.121/webapps/myWebapp]
14-Sep-2026 10:06:13.304 INFO [Catalina-utility-2] org.apache.catalina.startup.HostConfig.deployDirectory Deployment of web application directory [/home/sahil-sepat/Desktop/apache-tomcat-9.0.121/webapps/myWebapp] has finished in [24] ms
14-Sep-2026 10:32:13.447 INFO [Catalina-utility-1] org.apache.catalina.users.MemoryUserDatabase.backgroundProcess Reloading memory user database [UserDatabase] from updated source [file:/home/sahil-sepat/Desktop/apache-tomcat-9.0.121/conf/tomcat-users.xml]
14-Sep-2026 10:32:13.448 SEVERE [Catalina-utility-1] org.apache.catalina.users.MemoryUserDatabase.open The specified user database [conf/tomcat-users.xml] could not be found
14-Sep-2026 10:32:13.948 INFO [Catalina-utility-1] org.apache.catalina.startup.HostConfig.undeploy Undeploying context []
14-Sep-2026 10:32:13.951 WARNING [Catalina-utility-1] org.apache.catalina.loader.WebappClassLoaderBase.clearReferencesJdbc JDBC driver de-registration failed for web application [ROOT]
	java.io.FileNotFoundException: org/apache/catalina/loader/JdbcLeakPrevention.class
		at org.apache.catalina.loader.WebappClassLoaderBase.clearReferencesJdbc(WebappClassLoaderBase.java:1741)
		at org.apache.catalina.loader.WebappClassLoaderBase.clearReferences(WebappClassLoaderBase.java:1684)
		at org.apache.catalina.loader.WebappClassLoaderBase.stop(WebappClassLoaderBase.java:1609)
		at org.apache.catalina.loader.WebappLoader.stopInternal(WebappLoader.java:419)
		at org.apache.catalina.util.LifecycleBase.stop(LifecycleBase.java:241)
		at org.apache.catalina.core.StandardContext.stopInternal(StandardContext.java:4937)
		at org.apache.catalina.util.LifecycleBase.stop(LifecycleBase.java:241)
		at org.apache.catalina.core.ContainerBase.removeChild(ContainerBase.java:676)
		at org.apache.catalina.startup.HostConfig.undeploy(HostConfig.java:1449)
		at org.apache.catalina.startup.HostConfig.checkResources(HostConfig.java:1378)
		at org.apache.catalina.startup.HostConfig.check(HostConfig.java:1630)
		at org.apache.catalina.startup.HostConfig.lifecycleEvent(HostConfig.java:329)
		at org.apache.catalina.util.LifecycleBase.fireLifecycleEvent(LifecycleBase.java:115)
		at org.apache.catalina.core.ContainerBase.backgroundProcess(ContainerBase.java:989)
		at org.apache.catalina.core.ContainerBase$ContainerBackgroundProcessor.processChildren(ContainerBase.java:1212)
		at org.apache.catalina.core.ContainerBase$ContainerBackgroundProcessor.processChildren(ContainerBase.java:1216)
		at org.apache.catalina.core.ContainerBase$ContainerBackgroundProcessor.run(ContainerBase.java:1189)
		at java.base/java.util.concurrent.Executors$RunnableAdapter.call(Executors.java:545)
		at java.base/java.util.concurrent.FutureTask.runAndReset(FutureTask.java:369)
		at java.base/java.util.concurrent.ScheduledThreadPoolExecutor$ScheduledFutureTask.run(ScheduledThreadPoolExecutor.java:310)
		at java.base/java.util.concurrent.ThreadPoolExecutor.runWorker(ThreadPoolExecutor.java:1090)
		at java.base/java.util.concurrent.ThreadPoolExecutor$Worker.run(ThreadPoolExecutor.java:614)
		at org.apache.tomcat.util.threads.TaskThread$WrappingRunnable.run(TaskThread.java:80)
		at java.base/java.lang.Thread.run(Thread.java:1474)
14-Sep-2026 10:32:14.459 INFO [Catalina-utility-1] org.apache.catalina.startup.HostConfig.undeploy Undeploying context [/examples]
14-Sep-2026 10:32:14.466 WARNING [Catalina-utility-1] org.apache.catalina.loader.WebappClassLoaderBase.clearReferencesJdbc JDBC driver de-registration failed for web application [examples]
	java.lang.IllegalStateException: Failed to obtain an entry from the archive [/home/sahil-sepat/Desktop/apache-tomcat-9.0.121/webapps/examples/WEB-INF/lib/taglibs-standard-impl-1.2.5.jar]
		at org.apache.catalina.webresources.AbstractSingleArchiveResourceSet.getArchiveEntry(AbstractSingleArchiveResourceSet.java:113)
		at org.apache.catalina.webresources.AbstractArchiveResourceSet.getResource(AbstractArchiveResourceSet.java:299)
		at org.apache.catalina.webresources.StandardRoot.getResourceInternal(StandardRoot.java:297)
		at org.apache.catalina.webresources.Cache.getResource(Cache.java:82)
		at org.apache.catalina.webresources.StandardRoot.getResource(StandardRoot.java:229)
		at org.apache.catalina.webresources.StandardRoot.getClassLoaderResource(StandardRoot.java:238)
		at org.apache.catalina.loader.WebappClassLoaderBase.getResourceAsStream(WebappClassLoaderBase.java:1186)
		at org.apache.catalina.loader.WebappClassLoaderBase.clearReferencesJdbc(WebappClassLoaderBase.java:1739)
		at org.apache.catalina.loader.WebappClassLoaderBase.clearReferences(WebappClassLoaderBase.java:1684)
		at org.apache.catalina.loader.WebappClassLoaderBase.stop(WebappClassLoaderBase.java:1609)
		at org.apache.catalina.loader.WebappLoader.stopInternal(WebappLoader.java:419)
		at org.apache.catalina.util.LifecycleBase.stop(LifecycleBase.java:241)
		at org.apache.catalina.core.StandardContext.stopInternal(StandardContext.java:4937)
		at org.apache.catalina.util.LifecycleBase.stop(LifecycleBase.java:241)
		at org.apache.catalina.core.ContainerBase.removeChild(ContainerBase.java:676)
		at org.apache.catalina.startup.HostConfig.undeploy(HostConfig.java:1449)
		at org.apache.catalina.startup.HostConfig.checkResources(HostConfig.java:1378)
		at org.apache.catalina.startup.HostConfig.check(HostConfig.java:1630)
		at org.apache.catalina.startup.HostConfig.lifecycleEvent(HostConfig.java:329)
		at org.apache.catalina.util.LifecycleBase.fireLifecycleEvent(LifecycleBase.java:115)
		at org.apache.catalina.core.ContainerBase.backgroundProcess(ContainerBase.java:989)
		at org.apache.catalina.core.ContainerBase$ContainerBackgroundProcessor.processChildren(ContainerBase.java:1212)
		at org.apache.catalina.core.ContainerBase$ContainerBackgroundProcessor.processChildren(ContainerBase.java:1216)
		at org.apache.catalina.core.ContainerBase$ContainerBackgroundProcessor.run(ContainerBase.java:1189)
		at java.base/java.util.concurrent.Executors$RunnableAdapter.call(Executors.java:545)
		at java.base/java.util.concurrent.FutureTask.runAndReset(FutureTask.java:369)
		at java.base/java.util.concurrent.ScheduledThreadPoolExecutor$ScheduledFutureTask.run(ScheduledThreadPoolExecutor.java:310)
		at java.base/java.util.concurrent.ThreadPoolExecutor.runWorker(ThreadPoolExecutor.java:1090)
		at java.base/java.util.concurrent.ThreadPoolExecutor$Worker.run(ThreadPoolExecutor.java:614)
		at org.apache.tomcat.util.threads.TaskThread$WrappingRunnable.run(TaskThread.java:80)
		at java.base/java.lang.Thread.run(Thread.java:1474)
	Caused by: java.io.IOException: java.lang.reflect.InvocationTargetException
		at org.apache.tomcat.util.compat.Jre9Compat.jarFileNewInstance(Jre9Compat.java:208)
		at org.apache.tomcat.util.compat.Jre12Compat.jarFileNewInstance(Jre12Compat.java:33)
		at org.apache.tomcat.util.compat.JreCompat.jarFileNewInstance(JreCompat.java:345)
		at org.apache.catalina.webresources.AbstractArchiveResourceSet.openJarFile(AbstractArchiveResourceSet.java:382)
		at org.apache.catalina.webresources.AbstractSingleArchiveResourceSet.getArchiveEntry(AbstractSingleArchiveResourceSet.java:108)
		... 30 more
	Caused by: java.lang.reflect.InvocationTargetException
		at java.base/jdk.internal.reflect.DirectConstructorHandleAccessor.newInstance(DirectConstructorHandleAccessor.java:74)
		at java.base/java.lang.reflect.Constructor.newInstanceWithCaller(Constructor.java:499)
		at java.base/java.lang.reflect.Constructor.newInstance(Constructor.java:483)
		at org.apache.tomcat.util.compat.Jre9Compat.jarFileNewInstance(Jre9Compat.java:206)
		... 34 more
	Caused by: java.nio.file.NoSuchFileException: /home/sahil-sepat/Desktop/apache-tomcat-9.0.121/webapps/examples/WEB-INF/lib/taglibs-standard-impl-1.2.5.jar
		at java.base/sun.nio.fs.UnixException.translateToIOException(UnixException.java:92)
		at java.base/sun.nio.fs.UnixException.rethrowAsIOException(UnixException.java:106)
		at java.base/sun.nio.fs.UnixException.rethrowAsIOException(UnixException.java:111)
		at java.base/sun.nio.fs.UnixFileAttributeViews$Basic.readAttributes(UnixFileAttributeViews.java:57)
		at java.base/sun.nio.fs.UnixFileSystemProvider.readAttributes(UnixFileSystemProvider.java:161)
		at java.base/sun.nio.fs.LinuxFileSystemProvider.readAttributes(LinuxFileSystemProvider.java:99)
		at java.base/java.nio.file.Files.readAttributes(Files.java:1702)
		at java.base/java.util.zip.ZipFile$Source.get(ZipFile.java:1493)
		at java.base/java.util.zip.ZipFile$CleanableResource.<init>(ZipFile.java:704)
		at java.base/java.util.zip.ZipFile.<init>(ZipFile.java:204)
		at java.base/java.util.zip.ZipFile.<init>(ZipFile.java:150)
		at java.base/java.util.jar.JarFile.<init>(JarFile.java:333)
		at java.base/jdk.internal.reflect.DirectConstructorHandleAccessor.newInstance(DirectConstructorHandleAccessor.java:62)
		... 37 more
14-Sep-2026 10:32:14.974 INFO [Catalina-utility-1] org.apache.catalina.startup.HostConfig.undeploy Undeploying context [/host-manager]
14-Sep-2026 10:32:14.975 WARNING [Catalina-utility-1] org.apache.catalina.loader.WebappClassLoaderBase.clearReferencesJdbc JDBC driver de-registration failed for web application [host-manager]
	java.io.FileNotFoundException: org/apache/catalina/loader/JdbcLeakPrevention.class
		at org.apache.catalina.loader.WebappClassLoaderBase.clearReferencesJdbc(WebappClassLoaderBase.java:1741)
		at org.apache.catalina.loader.WebappClassLoaderBase.clearReferences(WebappClassLoaderBase.java:1684)
		at org.apache.catalina.loader.WebappClassLoaderBase.stop(WebappClassLoaderBase.java:1609)
		at org.apache.catalina.loader.WebappLoader.stopInternal(WebappLoader.java:419)
		at org.apache.catalina.util.LifecycleBase.stop(LifecycleBase.java:241)
		at org.apache.catalina.core.StandardContext.stopInternal(StandardContext.java:4937)
		at org.apache.catalina.util.LifecycleBase.stop(LifecycleBase.java:241)
		at org.apache.catalina.core.ContainerBase.removeChild(ContainerBase.java:676)
		at org.apache.catalina.startup.HostConfig.undeploy(HostConfig.java:1449)
		at org.apache.catalina.startup.HostConfig.checkResources(HostConfig.java:1378)
		at org.apache.catalina.startup.HostConfig.check(HostConfig.java:1630)
		at org.apache.catalina.startup.HostConfig.lifecycleEvent(HostConfig.java:329)
		at org.apache.catalina.util.LifecycleBase.fireLifecycleEvent(LifecycleBase.java:115)
		at org.apache.catalina.core.ContainerBase.backgroundProcess(ContainerBase.java:989)
		at org.apache.catalina.core.ContainerBase$ContainerBackgroundProcessor.processChildren(ContainerBase.java:1212)
		at org.apache.catalina.core.ContainerBase$ContainerBackgroundProcessor.processChildren(ContainerBase.java:1216)
		at org.apache.catalina.core.ContainerBase$ContainerBackgroundProcessor.run(ContainerBase.java:1189)
		at java.base/java.util.concurrent.Executors$RunnableAdapter.call(Executors.java:545)
		at java.base/java.util.concurrent.FutureTask.runAndReset(FutureTask.java:369)
		at java.base/java.util.concurrent.ScheduledThreadPoolExecutor$ScheduledFutureTask.run(ScheduledThreadPoolExecutor.java:310)
		at java.base/java.util.concurrent.ThreadPoolExecutor.runWorker(ThreadPoolExecutor.java:1090)
		at java.base/java.util.concurrent.ThreadPoolExecutor$Worker.run(ThreadPoolExecutor.java:614)
		at org.apache.tomcat.util.threads.TaskThread$WrappingRunnable.run(TaskThread.java:80)
		at java.base/java.lang.Thread.run(Thread.java:1474)
14-Sep-2026 10:32:15.479 INFO [Catalina-utility-1] org.apache.catalina.startup.HostConfig.undeploy Undeploying context [/myWebapp]
14-Sep-2026 10:32:15.481 WARNING [Catalina-utility-1] org.apache.catalina.loader.WebappClassLoaderBase.clearReferencesJdbc JDBC driver de-registration failed for web application [myWebapp]
	java.io.FileNotFoundException: org/apache/catalina/loader/JdbcLeakPrevention.class
		at org.apache.catalina.loader.WebappClassLoaderBase.clearReferencesJdbc(WebappClassLoaderBase.java:1741)
		at org.apache.catalina.loader.WebappClassLoaderBase.clearReferences(WebappClassLoaderBase.java:1684)
		at org.apache.catalina.loader.WebappClassLoaderBase.stop(WebappClassLoaderBase.java:1609)
		at org.apache.catalina.loader.WebappLoader.stopInternal(WebappLoader.java:419)
		at org.apache.catalina.util.LifecycleBase.stop(LifecycleBase.java:241)
		at org.apache.catalina.core.StandardContext.stopInternal(StandardContext.java:4937)
		at org.apache.catalina.util.LifecycleBase.stop(LifecycleBase.java:241)
		at org.apache.catalina.core.ContainerBase.removeChild(ContainerBase.java:676)
		at org.apache.catalina.startup.HostConfig.undeploy(HostConfig.java:1449)
		at org.apache.catalina.startup.HostConfig.checkResources(HostConfig.java:1378)
		at org.apache.catalina.startup.HostConfig.check(HostConfig.java:1630)
		at org.apache.catalina.startup.HostConfig.lifecycleEvent(HostConfig.java:329)
		at org.apache.catalina.util.LifecycleBase.fireLifecycleEvent(LifecycleBase.java:115)
		at org.apache.catalina.core.ContainerBase.backgroundProcess(ContainerBase.java:989)
		at org.apache.catalina.core.ContainerBase$ContainerBackgroundProcessor.processChildren(ContainerBase.java:1212)
		at org.apache.catalina.core.ContainerBase$ContainerBackgroundProcessor.processChildren(ContainerBase.java:1216)
		at org.apache.catalina.core.ContainerBase$ContainerBackgroundProcessor.run(ContainerBase.java:1189)
		at java.base/java.util.concurrent.Executors$RunnableAdapter.call(Executors.java:545)
		at java.base/java.util.concurrent.FutureTask.runAndReset(FutureTask.java:369)
		at java.base/java.util.concurrent.ScheduledThreadPoolExecutor$ScheduledFutureTask.run(ScheduledThreadPoolExecutor.java:310)
		at java.base/java.util.concurrent.ThreadPoolExecutor.runWorker(ThreadPoolExecutor.java:1090)
		at java.base/java.util.concurrent.ThreadPoolExecutor$Worker.run(ThreadPoolExecutor.java:614)
		at org.apache.tomcat.util.threads.TaskThread$WrappingRunnable.run(TaskThread.java:80)
		at java.base/java.lang.Thread.run(Thread.java:1474)
14-Sep-2026 10:32:15.984 INFO [Catalina-utility-1] org.apache.catalina.startup.HostConfig.undeploy Undeploying context [/manager]
14-Sep-2026 10:32:15.986 WARNING [Catalina-utility-1] org.apache.catalina.loader.WebappClassLoaderBase.clearReferencesJdbc JDBC driver de-registration failed for web application [manager]
	java.io.FileNotFoundException: org/apache/catalina/loader/JdbcLeakPrevention.class
		at org.apache.catalina.loader.WebappClassLoaderBase.clearReferencesJdbc(WebappClassLoaderBase.java:1741)
		at org.apache.catalina.loader.WebappClassLoaderBase.clearReferences(WebappClassLoaderBase.java:1684)
		at org.apache.catalina.loader.WebappClassLoaderBase.stop(WebappClassLoaderBase.java:1609)
		at org.apache.catalina.loader.WebappLoader.stopInternal(WebappLoader.java:419)
		at org.apache.catalina.util.LifecycleBase.stop(LifecycleBase.java:241)
		at org.apache.catalina.core.StandardContext.stopInternal(StandardContext.java:4937)
		at org.apache.catalina.util.LifecycleBase.stop(LifecycleBase.java:241)
		at org.apache.catalina.core.ContainerBase.removeChild(ContainerBase.java:676)
		at org.apache.catalina.startup.HostConfig.undeploy(HostConfig.java:1449)
		at org.apache.catalina.startup.HostConfig.checkResources(HostConfig.java:1378)
		at org.apache.catalina.startup.HostConfig.check(HostConfig.java:1630)
		at org.apache.catalina.startup.HostConfig.lifecycleEvent(HostConfig.java:329)
		at org.apache.catalina.util.LifecycleBase.fireLifecycleEvent(LifecycleBase.java:115)
		at org.apache.catalina.core.ContainerBase.backgroundProcess(ContainerBase.java:989)
		at org.apache.catalina.core.ContainerBase$ContainerBackgroundProcessor.processChildren(ContainerBase.java:1212)
		at org.apache.catalina.core.ContainerBase$ContainerBackgroundProcessor.processChildren(ContainerBase.java:1216)
		at org.apache.catalina.core.ContainerBase$ContainerBackgroundProcessor.run(ContainerBase.java:1189)
		at java.base/java.util.concurrent.Executors$RunnableAdapter.call(Executors.java:545)
		at java.base/java.util.concurrent.FutureTask.runAndReset(FutureTask.java:369)
		at java.base/java.util.concurrent.ScheduledThreadPoolExecutor$ScheduledFutureTask.run(ScheduledThreadPoolExecutor.java:310)
		at java.base/java.util.concurrent.ThreadPoolExecutor.runWorker(ThreadPoolExecutor.java:1090)
		at java.base/java.util.concurrent.ThreadPoolExecutor$Worker.run(ThreadPoolExecutor.java:614)
		at org.apache.tomcat.util.threads.TaskThread$WrappingRunnable.run(TaskThread.java:80)
		at java.base/java.lang.Thread.run(Thread.java:1474)
14-Sep-2026 10:32:16.488 INFO [Catalina-utility-1] org.apache.catalina.startup.HostConfig.undeploy Undeploying context [/docs]
14-Sep-2026 10:32:16.490 WARNING [Catalina-utility-1] org.apache.catalina.loader.WebappClassLoaderBase.clearReferencesJdbc JDBC driver de-registration failed for web application [docs]
	java.io.FileNotFoundException: org/apache/catalina/loader/JdbcLeakPrevention.class
		at org.apache.catalina.loader.WebappClassLoaderBase.clearReferencesJdbc(WebappClassLoaderBase.java:1741)
		at org.apache.catalina.loader.WebappClassLoaderBase.clearReferences(WebappClassLoaderBase.java:1684)
		at org.apache.catalina.loader.WebappClassLoaderBase.stop(WebappClassLoaderBase.java:1609)
		at org.apache.catalina.loader.WebappLoader.stopInternal(WebappLoader.java:419)
		at org.apache.catalina.util.LifecycleBase.stop(LifecycleBase.java:241)
		at org.apache.catalina.core.StandardContext.stopInternal(StandardContext.java:4937)
		at org.apache.catalina.util.LifecycleBase.stop(LifecycleBase.java:241)
		at org.apache.catalina.core.ContainerBase.removeChild(ContainerBase.java:676)
		at org.apache.catalina.startup.HostConfig.undeploy(HostConfig.java:1449)
		at org.apache.catalina.startup.HostConfig.checkResources(HostConfig.java:1378)
		at org.apache.catalina.startup.HostConfig.check(HostConfig.java:1630)
		at org.apache.catalina.startup.HostConfig.lifecycleEvent(HostConfig.java:329)
		at org.apache.catalina.util.LifecycleBase.fireLifecycleEvent(LifecycleBase.java:115)
		at org.apache.catalina.core.ContainerBase.backgroundProcess(ContainerBase.java:989)
		at org.apache.catalina.core.ContainerBase$ContainerBackgroundProcessor.processChildren(ContainerBase.java:1212)
		at org.apache.catalina.core.ContainerBase$ContainerBackgroundProcessor.processChildren(ContainerBase.java:1216)
		at org.apache.catalina.core.ContainerBase$ContainerBackgroundProcessor.run(ContainerBase.java:1189)
		at java.base/java.util.concurrent.Executors$RunnableAdapter.call(Executors.java:545)
		at java.base/java.util.concurrent.FutureTask.runAndReset(FutureTask.java:369)
		at java.base/java.util.concurrent.ScheduledThreadPoolExecutor$ScheduledFutureTask.run(ScheduledThreadPoolExecutor.java:310)
		at java.base/java.util.concurrent.ThreadPoolExecutor.runWorker(ThreadPoolExecutor.java:1090)
		at java.base/java.util.concurrent.ThreadPoolExecutor$Worker.run(ThreadPoolExecutor.java:614)
		at org.apache.tomcat.util.threads.TaskThread$WrappingRunnable.run(TaskThread.java:80)
		at java.base/java.lang.Thread.run(Thread.java:1474)
